MemTotal:       535025372 kB
MemFree:        469690688 kB
MemAvailable:   486249684 kB
Buffers:               0 kB
Cached:         16216624 kB
SwapCached:        70288 kB
Active:         27377832 kB
Inactive:       17258424 kB
Active(anon):   20849884 kB
Inactive(anon):  7750496 kB
Active(file):    6527948 kB
Inactive(file):  9507928 kB
Unevictable:          96 kB
Mlocked:              96 kB
SwapTotal:       4194300 kB
SwapFree:          31816 kB
Dirty:                20 kB
Writeback:             0 kB
AnonPages:      28302724 kB
Mapped:           498344 kB
Shmem:            180752 kB
Slab:            3966504 kB
SReclaimable:    2987608 kB
SUnreclaim:       978896 kB
KernelStack:       47472 kB
PageTables:       349060 kB
NFS_Unstable:          0 kB
Bounce:                0 kB
WritebackTmp:          0 kB
CommitLimit:    271706984 kB
Committed_AS:   40007664 kB
VmallocTotal:   34359738367 kB
VmallocUsed:      425528 kB
VmallocChunk:   34359247872 kB
Percpu:            56320 kB
HardwareCorrupted:     0 kB
AnonHugePages:   2691072 kB
CmaTotal:              0 kB
CmaFree:               0 kB
HugePages_Total:       0
HugePages_Free:        0
HugePages_Rsvd:        0
HugePages_Surp:        0
Hugepagesize:       2048 kB
DirectMap4k:      769856 kB
DirectMap2M:    165953536 kB
DirectMap1G:    372244480 kB
