MemTotal:       535025372 kB
MemFree:        469709432 kB
MemAvailable:   486268748 kB
Buffers:               0 kB
Cached:         16216660 kB
SwapCached:        70288 kB
Active:         27358360 kB
Inactive:       17258296 kB
Active(anon):   20830232 kB
Inactive(anon):  7750508 kB
Active(file):    6528128 kB
Inactive(file):  9507788 kB
Unevictable:          96 kB
Mlocked:              96 kB
SwapTotal:       4194300 kB
SwapFree:          31816 kB
Dirty:               532 kB
Writeback:             4 kB
AnonPages:      28403644 kB
Mapped:           499396 kB
Shmem:            180752 kB
Slab:            3966968 kB
SReclaimable:    2987888 kB
SUnreclaim:       979080 kB
KernelStack:       47520 kB
PageTables:       349024 kB
NFS_Unstable:          0 kB
Bounce:                0 kB
WritebackTmp:          0 kB
CommitLimit:    271706984 kB
Committed_AS:   40010732 kB
VmallocTotal:   34359738367 kB
VmallocUsed:      425528 kB
VmallocChunk:   34359247872 kB
Percpu:            56320 kB
HardwareCorrupted:     0 kB
AnonHugePages:   2811904 kB
CmaTotal:              0 kB
CmaFree:               0 kB
HugePages_Total:       0
HugePages_Free:        0
HugePages_Rsvd:        0
HugePages_Surp:        0
Hugepagesize:       2048 kB
DirectMap4k:      769856 kB
DirectMap2M:    165953536 kB
DirectMap1G:    372244480 kB
