MemTotal:       535025372 kB
MemFree:        470695632 kB
MemAvailable:   487347912 kB
Buffers:               0 kB
Cached:         16303400 kB
SwapCached:        70300 kB
Active:         26340988 kB
Inactive:       17318712 kB
Active(anon):   19786684 kB
Inactive(anon):  7750368 kB
Active(file):    6554304 kB
Inactive(file):  9568344 kB
Unevictable:          96 kB
Mlocked:              96 kB
SwapTotal:       4194300 kB
SwapFree:          31888 kB
Dirty:              1052 kB
Writeback:             0 kB
AnonPages:      27286912 kB
Mapped:           480012 kB
Shmem:            180752 kB
Slab:            3974600 kB
SReclaimable:    2994120 kB
SUnreclaim:       980480 kB
KernelStack:       47120 kB
PageTables:       331736 kB
NFS_Unstable:          0 kB
Bounce:                0 kB
WritebackTmp:          0 kB
CommitLimit:    271706984 kB
Committed_AS:   41814112 kB
VmallocTotal:   34359738367 kB
VmallocUsed:      425528 kB
VmallocChunk:   34359247872 kB
Percpu:            56320 kB
HardwareCorrupted:     0 kB
AnonHugePages:   2885632 kB
CmaTotal:              0 kB
CmaFree:               0 kB
HugePages_Total:       0
HugePages_Free:        0
HugePages_Rsvd:        0
HugePages_Surp:        0
Hugepagesize:       2048 kB
DirectMap4k:      769856 kB
DirectMap2M:    165953536 kB
DirectMap1G:    372244480 kB
