MemTotal:       535025372 kB
MemFree:        470437468 kB
MemAvailable:   487064800 kB
Buffers:               0 kB
Cached:         16281592 kB
SwapCached:        70300 kB
Active:         26604512 kB
Inactive:       17307032 kB
Active(anon):   20060400 kB
Inactive(anon):  7750392 kB
Active(file):    6544112 kB
Inactive(file):  9556640 kB
Unevictable:          96 kB
Mlocked:              96 kB
SwapTotal:       4194300 kB
SwapFree:          31884 kB
Dirty:                 0 kB
Writeback:             0 kB
AnonPages:      27561048 kB
Mapped:           484596 kB
Shmem:            180844 kB
Slab:            3970068 kB
SReclaimable:    2991068 kB
SUnreclaim:       979000 kB
KernelStack:       47776 kB
PageTables:       339376 kB
NFS_Unstable:          0 kB
Bounce:                0 kB
WritebackTmp:          0 kB
CommitLimit:    271706984 kB
Committed_AS:   40660808 kB
VmallocTotal:   34359738367 kB
VmallocUsed:      425528 kB
VmallocChunk:   34359247872 kB
Percpu:            56320 kB
HardwareCorrupted:     0 kB
AnonHugePages:   2885632 kB
CmaTotal:              0 kB
CmaFree:               0 kB
HugePages_Total:       0
HugePages_Free:        0
HugePages_Rsvd:        0
HugePages_Surp:        0
Hugepagesize:       2048 kB
DirectMap4k:      769856 kB
DirectMap2M:    165953536 kB
DirectMap1G:    372244480 kB
