MemTotal:       535025372 kB
MemFree:        467728048 kB
MemAvailable:   487607012 kB
Buffers:               0 kB
Cached:         19464056 kB
SwapCached:        81268 kB
Active:         29670428 kB
Inactive:       16944584 kB
Active(anon):   21411160 kB
Inactive(anon):  5923584 kB
Active(file):    8259268 kB
Inactive(file): 11021000 kB
Unevictable:          96 kB
Mlocked:              96 kB
SwapTotal:       4194300 kB
SwapFree:         206640 kB
Dirty:              2288 kB
Writeback:             0 kB
AnonPages:      27069644 kB
Mapped:           809596 kB
Shmem:            183800 kB
Slab:            4047488 kB
SReclaimable:    3063184 kB
SUnreclaim:       984304 kB
KernelStack:       49104 kB
PageTables:       298672 kB
NFS_Unstable:          0 kB
Bounce:                0 kB
WritebackTmp:          0 kB
CommitLimit:    271706984 kB
Committed_AS:   48517604 kB
VmallocTotal:   34359738367 kB
VmallocUsed:      425528 kB
VmallocChunk:   34359247872 kB
Percpu:            56320 kB
HardwareCorrupted:     0 kB
AnonHugePages:   2998272 kB
CmaTotal:              0 kB
CmaFree:               0 kB
HugePages_Total:       0
HugePages_Free:        0
HugePages_Rsvd:        0
HugePages_Surp:        0
Hugepagesize:       2048 kB
DirectMap4k:      769856 kB
DirectMap2M:    165953536 kB
DirectMap1G:    372244480 kB
