MemTotal:       535025372 kB
MemFree:        469713944 kB
MemAvailable:   486273256 kB
Buffers:               0 kB
Cached:         16216704 kB
SwapCached:        70288 kB
Active:         27355500 kB
Inactive:       17258356 kB
Active(anon):   20827376 kB
Inactive(anon):  7750508 kB
Active(file):    6528124 kB
Inactive(file):  9507848 kB
Unevictable:          96 kB
Mlocked:              96 kB
SwapTotal:       4194300 kB
SwapFree:          31816 kB
Dirty:               192 kB
Writeback:             0 kB
AnonPages:      28328080 kB
Mapped:           498712 kB
Shmem:            180752 kB
Slab:            3966640 kB
SReclaimable:    2987828 kB
SUnreclaim:       978812 kB
KernelStack:       47536 kB
PageTables:       348908 kB
NFS_Unstable:          0 kB
Bounce:                0 kB
WritebackTmp:          0 kB
CommitLimit:    271706984 kB
Committed_AS:   40010128 kB
VmallocTotal:   34359738367 kB
VmallocUsed:      425528 kB
VmallocChunk:   34359247872 kB
Percpu:            56320 kB
HardwareCorrupted:     0 kB
AnonHugePages:   2734080 kB
CmaTotal:              0 kB
CmaFree:               0 kB
HugePages_Total:       0
HugePages_Free:        0
HugePages_Rsvd:        0
HugePages_Surp:        0
Hugepagesize:       2048 kB
DirectMap4k:      769856 kB
DirectMap2M:    165953536 kB
DirectMap1G:    372244480 kB
