MemTotal:       535025372 kB
MemFree:        470434928 kB
MemAvailable:   487064592 kB
Buffers:               0 kB
Cached:         16283452 kB
SwapCached:        70300 kB
Active:         26603272 kB
Inactive:       17307176 kB
Active(anon):   20057392 kB
Inactive(anon):  7750400 kB
Active(file):    6545880 kB
Inactive(file):  9556776 kB
Unevictable:          96 kB
Mlocked:              96 kB
SwapTotal:       4194300 kB
SwapFree:          31884 kB
Dirty:               304 kB
Writeback:             0 kB
AnonPages:      27557964 kB
Mapped:           484728 kB
Shmem:            180812 kB
Slab:            3970904 kB
SReclaimable:    2991496 kB
SUnreclaim:       979408 kB
KernelStack:       47792 kB
PageTables:       338560 kB
NFS_Unstable:          0 kB
Bounce:                0 kB
WritebackTmp:          0 kB
CommitLimit:    271706984 kB
Committed_AS:   40675112 kB
VmallocTotal:   34359738367 kB
VmallocUsed:      425528 kB
VmallocChunk:   34359247872 kB
Percpu:            56320 kB
HardwareCorrupted:     0 kB
AnonHugePages:   2885632 kB
CmaTotal:              0 kB
CmaFree:               0 kB
HugePages_Total:       0
HugePages_Free:        0
HugePages_Rsvd:        0
HugePages_Surp:        0
Hugepagesize:       2048 kB
DirectMap4k:      769856 kB
DirectMap2M:    165953536 kB
DirectMap1G:    372244480 kB
