MemTotal:       535025372 kB
MemFree:        470699036 kB
MemAvailable:   487350064 kB
Buffers:               0 kB
Cached:         16302356 kB
SwapCached:        70300 kB
Active:         26337464 kB
Inactive:       17318600 kB
Active(anon):   19784088 kB
Inactive(anon):  7750368 kB
Active(file):    6553376 kB
Inactive(file):  9568232 kB
Unevictable:          96 kB
Mlocked:              96 kB
SwapTotal:       4194300 kB
SwapFree:          31888 kB
Dirty:                 0 kB
Writeback:             0 kB
AnonPages:      27283336 kB
Mapped:           480464 kB
Shmem:            180752 kB
Slab:            3974256 kB
SReclaimable:    2993908 kB
SUnreclaim:       980348 kB
KernelStack:       47056 kB
PageTables:       331436 kB
NFS_Unstable:          0 kB
Bounce:                0 kB
WritebackTmp:          0 kB
CommitLimit:    271706984 kB
Committed_AS:   41811108 kB
VmallocTotal:   34359738367 kB
VmallocUsed:      425528 kB
VmallocChunk:   34359247872 kB
Percpu:            56320 kB
HardwareCorrupted:     0 kB
AnonHugePages:   2885632 kB
CmaTotal:              0 kB
CmaFree:               0 kB
HugePages_Total:       0
HugePages_Free:        0
HugePages_Rsvd:        0
HugePages_Surp:        0
Hugepagesize:       2048 kB
DirectMap4k:      769856 kB
DirectMap2M:    165953536 kB
DirectMap1G:    372244480 kB
