MemTotal:       535025372 kB
MemFree:        470690592 kB
MemAvailable:   487343592 kB
Buffers:               0 kB
Cached:         16303888 kB
SwapCached:        70300 kB
Active:         26344152 kB
Inactive:       17318780 kB
Active(anon):   19789420 kB
Inactive(anon):  7750368 kB
Active(file):    6554732 kB
Inactive(file):  9568412 kB
Unevictable:          96 kB
Mlocked:              96 kB
SwapTotal:       4194300 kB
SwapFree:          31888 kB
Dirty:              1540 kB
Writeback:             0 kB
AnonPages:      27287108 kB
Mapped:           480768 kB
Shmem:            180752 kB
Slab:            3974892 kB
SReclaimable:    2994344 kB
SUnreclaim:       980548 kB
KernelStack:       47152 kB
PageTables:       333096 kB
NFS_Unstable:          0 kB
Bounce:                0 kB
WritebackTmp:          0 kB
CommitLimit:    271706984 kB
Committed_AS:   41813240 kB
VmallocTotal:   34359738367 kB
VmallocUsed:      425528 kB
VmallocChunk:   34359247872 kB
Percpu:            56320 kB
HardwareCorrupted:     0 kB
AnonHugePages:   2885632 kB
CmaTotal:              0 kB
CmaFree:               0 kB
HugePages_Total:       0
HugePages_Free:        0
HugePages_Rsvd:        0
HugePages_Surp:        0
Hugepagesize:       2048 kB
DirectMap4k:      769856 kB
DirectMap2M:    165953536 kB
DirectMap1G:    372244480 kB
