MemTotal:       535025372 kB
MemFree:        469710000 kB
MemAvailable:   486269280 kB
Buffers:               0 kB
Cached:         16216628 kB
SwapCached:        70288 kB
Active:         27357648 kB
Inactive:       17258292 kB
Active(anon):   20829548 kB
Inactive(anon):  7750508 kB
Active(file):    6528100 kB
Inactive(file):  9507784 kB
Unevictable:          96 kB
Mlocked:              96 kB
SwapTotal:       4194300 kB
SwapFree:          31816 kB
Dirty:               260 kB
Writeback:             0 kB
AnonPages:      28285140 kB
Mapped:           497840 kB
Shmem:            180752 kB
Slab:            3966964 kB
SReclaimable:    2987884 kB
SUnreclaim:       979080 kB
KernelStack:       47744 kB
PageTables:       349068 kB
NFS_Unstable:          0 kB
Bounce:                0 kB
WritebackTmp:          0 kB
CommitLimit:    271706984 kB
Committed_AS:   40009584 kB
VmallocTotal:   34359738367 kB
VmallocUsed:      425528 kB
VmallocChunk:   34359247872 kB
Percpu:            56320 kB
HardwareCorrupted:     0 kB
AnonHugePages:   2691072 kB
CmaTotal:              0 kB
CmaFree:               0 kB
HugePages_Total:       0
HugePages_Free:        0
HugePages_Rsvd:        0
HugePages_Surp:        0
Hugepagesize:       2048 kB
DirectMap4k:      769856 kB
DirectMap2M:    165953536 kB
DirectMap1G:    372244480 kB
