MemTotal:       535025372 kB
MemFree:        470428152 kB
MemAvailable:   487059068 kB
Buffers:               0 kB
Cached:         16284412 kB
SwapCached:        70300 kB
Active:         26609444 kB
Inactive:       17307268 kB
Active(anon):   20062704 kB
Inactive(anon):  7750400 kB
Active(file):    6546740 kB
Inactive(file):  9556868 kB
Unevictable:          96 kB
Mlocked:              96 kB
SwapTotal:       4194300 kB
SwapFree:          31884 kB
Dirty:               568 kB
Writeback:             0 kB
AnonPages:      27561908 kB
Mapped:           485208 kB
Shmem:            180812 kB
Slab:            3971292 kB
SReclaimable:    2991796 kB
SUnreclaim:       979496 kB
KernelStack:       47744 kB
PageTables:       338664 kB
NFS_Unstable:          0 kB
Bounce:                0 kB
WritebackTmp:          0 kB
CommitLimit:    271706984 kB
Committed_AS:   40670956 kB
VmallocTotal:   34359738367 kB
VmallocUsed:      425528 kB
VmallocChunk:   34359247872 kB
Percpu:            56320 kB
HardwareCorrupted:     0 kB
AnonHugePages:   2885632 kB
CmaTotal:              0 kB
CmaFree:               0 kB
HugePages_Total:       0
HugePages_Free:        0
HugePages_Rsvd:        0
HugePages_Surp:        0
Hugepagesize:       2048 kB
DirectMap4k:      769856 kB
DirectMap2M:    165953536 kB
DirectMap1G:    372244480 kB
