MemTotal:       535025372 kB
MemFree:        470695640 kB
MemAvailable:   487350448 kB
Buffers:               0 kB
Cached:         16305400 kB
SwapCached:        70300 kB
Active:         26338700 kB
Inactive:       17318948 kB
Active(anon):   19782624 kB
Inactive(anon):  7750368 kB
Active(file):    6556076 kB
Inactive(file):  9568580 kB
Unevictable:          96 kB
Mlocked:              96 kB
SwapTotal:       4194300 kB
SwapFree:          31888 kB
Dirty:                28 kB
Writeback:             0 kB
AnonPages:      27282348 kB
Mapped:           480456 kB
Shmem:            180752 kB
Slab:            3976244 kB
SReclaimable:    2994640 kB
SUnreclaim:       981604 kB
KernelStack:       47088 kB
PageTables:       331692 kB
NFS_Unstable:          0 kB
Bounce:                0 kB
WritebackTmp:          0 kB
CommitLimit:    271706984 kB
Committed_AS:   41818084 kB
VmallocTotal:   34359738367 kB
VmallocUsed:      425528 kB
VmallocChunk:   34359247872 kB
Percpu:            56320 kB
HardwareCorrupted:     0 kB
AnonHugePages:   2885632 kB
CmaTotal:              0 kB
CmaFree:               0 kB
HugePages_Total:       0
HugePages_Free:        0
HugePages_Rsvd:        0
HugePages_Surp:        0
Hugepagesize:       2048 kB
DirectMap4k:      769856 kB
DirectMap2M:    165953536 kB
DirectMap1G:    372244480 kB
