MemTotal:       535025372 kB
MemFree:        470691516 kB
MemAvailable:   487345460 kB
Buffers:               0 kB
Cached:         16304696 kB
SwapCached:        70300 kB
Active:         26343320 kB
Inactive:       17318860 kB
Active(anon):   19787864 kB
Inactive(anon):  7750368 kB
Active(file):    6555456 kB
Inactive(file):  9568492 kB
Unevictable:          96 kB
Mlocked:              96 kB
SwapTotal:       4194300 kB
SwapFree:          31888 kB
Dirty:              2348 kB
Writeback:             0 kB
AnonPages:      27288320 kB
Mapped:           480452 kB
Shmem:            180752 kB
Slab:            3975120 kB
SReclaimable:    2994484 kB
SUnreclaim:       980636 kB
KernelStack:       47120 kB
PageTables:       331744 kB
NFS_Unstable:          0 kB
Bounce:                0 kB
WritebackTmp:          0 kB
CommitLimit:    271706984 kB
Committed_AS:   41813116 kB
VmallocTotal:   34359738367 kB
VmallocUsed:      425528 kB
VmallocChunk:   34359247872 kB
Percpu:            56320 kB
HardwareCorrupted:     0 kB
AnonHugePages:   2885632 kB
CmaTotal:              0 kB
CmaFree:               0 kB
HugePages_Total:       0
HugePages_Free:        0
HugePages_Rsvd:        0
HugePages_Surp:        0
Hugepagesize:       2048 kB
DirectMap4k:      769856 kB
DirectMap2M:    165953536 kB
DirectMap1G:    372244480 kB
