MemTotal:       535025372 kB
MemFree:        470692004 kB
MemAvailable:   487345456 kB
Buffers:               0 kB
Cached:         16304272 kB
SwapCached:        70300 kB
Active:         26343088 kB
Inactive:       17318816 kB
Active(anon):   19788012 kB
Inactive(anon):  7750368 kB
Active(file):    6555076 kB
Inactive(file):  9568448 kB
Unevictable:          96 kB
Mlocked:              96 kB
SwapTotal:       4194300 kB
SwapFree:          31888 kB
Dirty:              1924 kB
Writeback:             0 kB
AnonPages:      27287880 kB
Mapped:           480420 kB
Shmem:            180752 kB
Slab:            3975004 kB
SReclaimable:    2994416 kB
SUnreclaim:       980588 kB
KernelStack:       47136 kB
PageTables:       331408 kB
NFS_Unstable:          0 kB
Bounce:                0 kB
WritebackTmp:          0 kB
CommitLimit:    271706984 kB
Committed_AS:   41814300 kB
VmallocTotal:   34359738367 kB
VmallocUsed:      425528 kB
VmallocChunk:   34359247872 kB
Percpu:            56320 kB
HardwareCorrupted:     0 kB
AnonHugePages:   2885632 kB
CmaTotal:              0 kB
CmaFree:               0 kB
HugePages_Total:       0
HugePages_Free:        0
HugePages_Rsvd:        0
HugePages_Surp:        0
Hugepagesize:       2048 kB
DirectMap4k:      769856 kB
DirectMap2M:    165953536 kB
DirectMap1G:    372244480 kB
