MemTotal:       535025372 kB
MemFree:        470703068 kB
MemAvailable:   487353564 kB
Buffers:               0 kB
Cached:         16301940 kB
SwapCached:        70300 kB
Active:         26335064 kB
Inactive:       17318552 kB
Active(anon):   19782060 kB
Inactive(anon):  7750368 kB
Active(file):    6553004 kB
Inactive(file):  9568184 kB
Unevictable:          96 kB
Mlocked:              96 kB
SwapTotal:       4194300 kB
SwapFree:          31888 kB
Dirty:               332 kB
Writeback:             0 kB
AnonPages:      27282620 kB
Mapped:           480660 kB
Shmem:            180752 kB
Slab:            3973876 kB
SReclaimable:    2993796 kB
SUnreclaim:       980080 kB
KernelStack:       47104 kB
PageTables:       331420 kB
NFS_Unstable:          0 kB
Bounce:                0 kB
WritebackTmp:          0 kB
CommitLimit:    271706984 kB
Committed_AS:   41806216 kB
VmallocTotal:   34359738367 kB
VmallocUsed:      425528 kB
VmallocChunk:   34359247872 kB
Percpu:            56320 kB
HardwareCorrupted:     0 kB
AnonHugePages:   2885632 kB
CmaTotal:              0 kB
CmaFree:               0 kB
HugePages_Total:       0
HugePages_Free:        0
HugePages_Rsvd:        0
HugePages_Surp:        0
Hugepagesize:       2048 kB
DirectMap4k:      769856 kB
DirectMap2M:    165953536 kB
DirectMap1G:    372244480 kB
