MemTotal:       535025372 kB
MemFree:        469707464 kB
MemAvailable:   486266732 kB
Buffers:               0 kB
Cached:         16216632 kB
SwapCached:        70288 kB
Active:         27361368 kB
Inactive:       17258336 kB
Active(anon):   20833304 kB
Inactive(anon):  7750508 kB
Active(file):    6528064 kB
Inactive(file):  9507828 kB
Unevictable:          96 kB
Mlocked:              96 kB
SwapTotal:       4194300 kB
SwapFree:          31816 kB
Dirty:                 0 kB
Writeback:             4 kB
AnonPages:      28332304 kB
Mapped:           498644 kB
Shmem:            180752 kB
Slab:            3966668 kB
SReclaimable:    2987864 kB
SUnreclaim:       978804 kB
KernelStack:       47536 kB
PageTables:       351012 kB
NFS_Unstable:          0 kB
Bounce:                0 kB
WritebackTmp:          0 kB
CommitLimit:    271706984 kB
Committed_AS:   40009272 kB
VmallocTotal:   34359738367 kB
VmallocUsed:      425528 kB
VmallocChunk:   34359247872 kB
Percpu:            56320 kB
HardwareCorrupted:     0 kB
AnonHugePages:   2736128 kB
CmaTotal:              0 kB
CmaFree:               0 kB
HugePages_Total:       0
HugePages_Free:        0
HugePages_Rsvd:        0
HugePages_Surp:        0
Hugepagesize:       2048 kB
DirectMap4k:      769856 kB
DirectMap2M:    165953536 kB
DirectMap1G:    372244480 kB
