MemTotal:       535025372 kB
MemFree:        480732768 kB
MemAvailable:   491016868 kB
Buffers:               0 kB
Cached:         12380652 kB
SwapCached:        66404 kB
Active:         25486536 kB
Inactive:       15579808 kB
Active(anon):   21091684 kB
Inactive(anon):  7766156 kB
Active(file):    4394852 kB
Inactive(file):  7813652 kB
Unevictable:          96 kB
Mlocked:              96 kB
SwapTotal:       4194300 kB
SwapFree:           3992 kB
Dirty:              1520 kB
Writeback:             0 kB
AnonPages:      28621772 kB
Mapped:           420664 kB
Shmem:            172148 kB
Slab:            1117280 kB
SReclaimable:     540084 kB
SUnreclaim:       577196 kB
KernelStack:       47568 kB
PageTables:       336020 kB
NFS_Unstable:          0 kB
Bounce:                0 kB
WritebackTmp:          0 kB
CommitLimit:    271706984 kB
Committed_AS:   56002964 kB
VmallocTotal:   34359738367 kB
VmallocUsed:      425528 kB
VmallocChunk:   34359247872 kB
Percpu:            56320 kB
HardwareCorrupted:     0 kB
AnonHugePages:   3289088 kB
CmaTotal:              0 kB
CmaFree:               0 kB
HugePages_Total:       0
HugePages_Free:        0
HugePages_Rsvd:        0
HugePages_Surp:        0
Hugepagesize:       2048 kB
DirectMap4k:      769856 kB
DirectMap2M:    165953536 kB
DirectMap1G:    372244480 kB
