MemTotal:       535025372 kB
MemFree:        470695348 kB
MemAvailable:   487350340 kB
Buffers:               0 kB
Cached:         16305548 kB
SwapCached:        70300 kB
Active:         26339720 kB
Inactive:       17318960 kB
Active(anon):   19783512 kB
Inactive(anon):  7750368 kB
Active(file):    6556208 kB
Inactive(file):  9568592 kB
Unevictable:          96 kB
Mlocked:              96 kB
SwapTotal:       4194300 kB
SwapFree:          31888 kB
Dirty:               176 kB
Writeback:             0 kB
AnonPages:      27284164 kB
Mapped:           480460 kB
Shmem:            180752 kB
Slab:            3975876 kB
SReclaimable:    2994680 kB
SUnreclaim:       981196 kB
KernelStack:       47040 kB
PageTables:       331552 kB
NFS_Unstable:          0 kB
Bounce:                0 kB
WritebackTmp:          0 kB
CommitLimit:    271706984 kB
Committed_AS:   41816068 kB
VmallocTotal:   34359738367 kB
VmallocUsed:      425528 kB
VmallocChunk:   34359247872 kB
Percpu:            56320 kB
HardwareCorrupted:     0 kB
AnonHugePages:   2885632 kB
CmaTotal:              0 kB
CmaFree:               0 kB
HugePages_Total:       0
HugePages_Free:        0
HugePages_Rsvd:        0
HugePages_Surp:        0
Hugepagesize:       2048 kB
DirectMap4k:      769856 kB
DirectMap2M:    165953536 kB
DirectMap1G:    372244480 kB
