MemTotal:       535025372 kB
MemFree:        470435712 kB
MemAvailable:   487062240 kB
Buffers:               0 kB
Cached:         16281016 kB
SwapCached:        70300 kB
Active:         26608860 kB
Inactive:       17306972 kB
Active(anon):   20065276 kB
Inactive(anon):  7750392 kB
Active(file):    6543584 kB
Inactive(file):  9556580 kB
Unevictable:          96 kB
Mlocked:              96 kB
SwapTotal:       4194300 kB
SwapFree:          31884 kB
Dirty:               152 kB
Writeback:             0 kB
AnonPages:      27566292 kB
Mapped:           484576 kB
Shmem:            180844 kB
Slab:            3970016 kB
SReclaimable:    2990852 kB
SUnreclaim:       979164 kB
KernelStack:       48016 kB
PageTables:       338588 kB
NFS_Unstable:          0 kB
Bounce:                0 kB
WritebackTmp:          0 kB
CommitLimit:    271706984 kB
Committed_AS:   40659120 kB
VmallocTotal:   34359738367 kB
VmallocUsed:      425528 kB
VmallocChunk:   34359247872 kB
Percpu:            56320 kB
HardwareCorrupted:     0 kB
AnonHugePages:   2885632 kB
CmaTotal:              0 kB
CmaFree:               0 kB
HugePages_Total:       0
HugePages_Free:        0
HugePages_Rsvd:        0
HugePages_Surp:        0
Hugepagesize:       2048 kB
DirectMap4k:      769856 kB
DirectMap2M:    165953536 kB
DirectMap1G:    372244480 kB
