MemTotal:       535025372 kB
MemFree:        470691784 kB
MemAvailable:   487345420 kB
Buffers:               0 kB
Cached:         16304412 kB
SwapCached:        70300 kB
Active:         26343360 kB
Inactive:       17318836 kB
Active(anon):   19788164 kB
Inactive(anon):  7750368 kB
Active(file):    6555196 kB
Inactive(file):  9568468 kB
Unevictable:          96 kB
Mlocked:              96 kB
SwapTotal:       4194300 kB
SwapFree:          31888 kB
Dirty:              2064 kB
Writeback:             4 kB
AnonPages:      27286908 kB
Mapped:           480756 kB
Shmem:            180752 kB
Slab:            3975056 kB
SReclaimable:    2994460 kB
SUnreclaim:       980596 kB
KernelStack:       47072 kB
PageTables:       331492 kB
NFS_Unstable:          0 kB
Bounce:                0 kB
WritebackTmp:          0 kB
CommitLimit:    271706984 kB
Committed_AS:   41814072 kB
VmallocTotal:   34359738367 kB
VmallocUsed:      425528 kB
VmallocChunk:   34359247872 kB
Percpu:            56320 kB
HardwareCorrupted:     0 kB
AnonHugePages:   2885632 kB
CmaTotal:              0 kB
CmaFree:               0 kB
HugePages_Total:       0
HugePages_Free:        0
HugePages_Rsvd:        0
HugePages_Surp:        0
Hugepagesize:       2048 kB
DirectMap4k:      769856 kB
DirectMap2M:    165953536 kB
DirectMap1G:    372244480 kB
