MemTotal:       535025372 kB
MemFree:        470441920 kB
MemAvailable:   487070044 kB
Buffers:               0 kB
Cached:         16282276 kB
SwapCached:        70300 kB
Active:         26599160 kB
Inactive:       17307100 kB
Active(anon):   20054396 kB
Inactive(anon):  7750400 kB
Active(file):    6544764 kB
Inactive(file):  9556700 kB
Unevictable:          96 kB
Mlocked:              96 kB
SwapTotal:       4194300 kB
SwapFree:          31884 kB
Dirty:               220 kB
Writeback:             4 kB
AnonPages:      27557292 kB
Mapped:           484644 kB
Shmem:            180812 kB
Slab:            3970036 kB
SReclaimable:    2991148 kB
SUnreclaim:       978888 kB
KernelStack:       47744 kB
PageTables:       337276 kB
NFS_Unstable:          0 kB
Bounce:                0 kB
WritebackTmp:          0 kB
CommitLimit:    271706984 kB
Committed_AS:   40673080 kB
VmallocTotal:   34359738367 kB
VmallocUsed:      425528 kB
VmallocChunk:   34359247872 kB
Percpu:            56320 kB
HardwareCorrupted:     0 kB
AnonHugePages:   2885632 kB
CmaTotal:              0 kB
CmaFree:               0 kB
HugePages_Total:       0
HugePages_Free:        0
HugePages_Rsvd:        0
HugePages_Surp:        0
Hugepagesize:       2048 kB
DirectMap4k:      769856 kB
DirectMap2M:    165953536 kB
DirectMap1G:    372244480 kB
