MemTotal:       535025372 kB
MemFree:        470705008 kB
MemAvailable:   487355360 kB
Buffers:               0 kB
Cached:         16301800 kB
SwapCached:        70300 kB
Active:         26334000 kB
Inactive:       17318536 kB
Active(anon):   19781124 kB
Inactive(anon):  7750368 kB
Active(file):    6552876 kB
Inactive(file):  9568168 kB
Unevictable:          96 kB
Mlocked:              96 kB
SwapTotal:       4194300 kB
SwapFree:          31888 kB
Dirty:               192 kB
Writeback:             4 kB
AnonPages:      27280868 kB
Mapped:           480756 kB
Shmem:            180752 kB
Slab:            3973932 kB
SReclaimable:    2993796 kB
SUnreclaim:       980136 kB
KernelStack:       47072 kB
PageTables:       330984 kB
NFS_Unstable:          0 kB
Bounce:                0 kB
WritebackTmp:          0 kB
CommitLimit:    271706984 kB
Committed_AS:   41805388 kB
VmallocTotal:   34359738367 kB
VmallocUsed:      425528 kB
VmallocChunk:   34359247872 kB
Percpu:            56320 kB
HardwareCorrupted:     0 kB
AnonHugePages:   2885632 kB
CmaTotal:              0 kB
CmaFree:               0 kB
HugePages_Total:       0
HugePages_Free:        0
HugePages_Rsvd:        0
HugePages_Surp:        0
Hugepagesize:       2048 kB
DirectMap4k:      769856 kB
DirectMap2M:    165953536 kB
DirectMap1G:    372244480 kB
