MemTotal:       535025372 kB
MemFree:        470697384 kB
MemAvailable:   487348808 kB
Buffers:               0 kB
Cached:         16302676 kB
SwapCached:        70300 kB
Active:         26338552 kB
Inactive:       17318636 kB
Active(anon):   19784896 kB
Inactive(anon):  7750368 kB
Active(file):    6553656 kB
Inactive(file):  9568268 kB
Unevictable:          96 kB
Mlocked:              96 kB
SwapTotal:       4194300 kB
SwapFree:          31888 kB
Dirty:               328 kB
Writeback:             0 kB
AnonPages:      27285136 kB
Mapped:           480440 kB
Shmem:            180752 kB
Slab:            3974324 kB
SReclaimable:    2993988 kB
SUnreclaim:       980336 kB
KernelStack:       47104 kB
PageTables:       331604 kB
NFS_Unstable:          0 kB
Bounce:                0 kB
WritebackTmp:          0 kB
CommitLimit:    271706984 kB
Committed_AS:   41810016 kB
VmallocTotal:   34359738367 kB
VmallocUsed:      425528 kB
VmallocChunk:   34359247872 kB
Percpu:            56320 kB
HardwareCorrupted:     0 kB
AnonHugePages:   2885632 kB
CmaTotal:              0 kB
CmaFree:               0 kB
HugePages_Total:       0
HugePages_Free:        0
HugePages_Rsvd:        0
HugePages_Surp:        0
Hugepagesize:       2048 kB
DirectMap4k:      769856 kB
DirectMap2M:    165953536 kB
DirectMap1G:    372244480 kB
